Loading required package: sysfonts
Loading required package: showtextdb

Attaching package: 'rvest'

The following object is masked from 'package:readr':

    guess_encoding


Attaching package: 'dplyr'

The following objects are masked from 'package:stats':

    filter, lag

The following objects are masked from 'package:base':

    intersect, setdiff, setequal, union


Attaching package: 'scales'

The following object is masked from 'package:readr':

    col_factor

Loading required package: xts
Loading required package: zoo

Attaching package: 'zoo'

The following objects are masked from 'package:base':

    as.Date, as.Date.numeric


######################### Warning from 'xts' package ##########################
#                                                                             #
# The dplyr lag() function breaks how base R's lag() function is supposed to  #
# work, which breaks lag(my_xts). Calls to lag(my_xts) that you type or       #
# source() into this session won't work correctly.                            #
#                                                                             #
# Use stats::lag() to make sure you're not using dplyr::lag(), or you can add #
# conflictRules('dplyr', exclude = 'lag') to your .Rprofile to stop           #
# dplyr from breaking base R's lag() function.                                #
#                                                                             #
# Code in packages is not affected. It's protected by R's namespace mechanism #
# Set `options(xts.warn_dplyr_breaks_lag = FALSE)` to suppress this warning.  #
#                                                                             #
###############################################################################

Attaching package: 'xts'

The following objects are masked from 'package:dplyr':

    first, last


Attaching package: 'PerformanceAnalytics'

The following object is masked from 'package:graphics':

    legend

Loading required package: TTR
Registered S3 method overwritten by 'quantmod':
  method            from
  as.zoo.data.frame zoo 
Loading required package: parallel
[팩터/자산수익률 데이터 자동 업데이트 완료]
[1회차] 2026년 01월 12일 16시 00분 16초 : 실행 시작***********************************************
── Attaching core tidyverse packages ──────────────────────── tidyverse 2.0.0 ──
✔ forcats   1.0.1     ✔ purrr     1.2.0
✔ lubridate 1.9.4     ✔ tibble    3.3.0
── Conflicts ────────────────────────────────────────── tidyverse_conflicts() ──
✖ scales::col_factor()    masks readr::col_factor()
✖ purrr::discard()        masks scales::discard()
✖ dplyr::filter()         masks stats::filter()
✖ xts::first()            masks dplyr::first()
✖ rvest::guess_encoding() masks readr::guess_encoding()
✖ dplyr::lag()            masks stats::lag()
✖ xts::last()             masks dplyr::last()
✖ purrr::reduce()         masks rugarch::reduce()
ℹ Use the conflicted package (<http://conflicted.r-lib.org/>) to force all conflicts to become errors
42 개 국내 종목의 네이버 실시간 시세수신 및 수익금 계산 완료. 결과: output_stock_2026-01-12.xlsx 
[1] "39개 미국종목의 수익금 계산이 완료되었습니다. 결과는output_stock_us_2026-01-12.xlsx에 저장되었습니다."
오늘 평가액: 1,278,912,422원 | 총수익: 264,315,791원

=========== PerformanceAnalytics 성과 요약 ===========
                          JS Fund
Annualized Return          0.5626
Annualized Std Dev         0.1573
Annualized Sharpe (Rf=0%)  3.5762

Max Drawdown:
[1] 0.1215213
Sharpe(연환산, Rf=0):
                                 JS Fund
Annualized Sharpe Ratio (Rf=0%) 3.576185
Calmar(연환산, 일간 NAV 기반):
              JS Fund
Calmar Ratio 4.629326
======================================================


[리스크] 오늘 기준 몬테카/미래MDD/인출 시뮬레이션...
========================================
 몬테카를로 기반 10  년 후 평가액 분포
  (5000회 시뮬레이션, 월 적립5,000,000원)
----------------------------------------
 10% 분위수 (나쁜 장세) : 3,577,834,196 원
 50% 분위수 (중앙값)   : 5,794,466,369 원
 90% 분위수 (좋은 장세) : 9,361,810,678 원
 평균값(Mean)          : 6,219,889,375 원
 연 기대수익률(추정)   : 13.49 %,  연 변동성(추정) : 13.03 %
========================================

========================================
 미래 10  년 동안 최대낙폭(MDD) 분포 (적립 포함)
  (2000경로 시뮬레이션)
----------------------------------------
 10% 분위수(하위 10%: 비교적 크게 빠지는 경우)   : -23.01 %
 50% 분위수(중앙값: 보통 한 번쯤 겪을 만한 MDD)  : -15.52 %
 90% 분위수(상위 10%: 상대적으로 덜 빠지는 경우) : -10.63 %
----------------------------------------
 * 음수 값이므로 -30% 라는 뜻은 피크 대비 30% 하락을 의미
========================================

========================================
 은퇴 후 인출 시나리오 Monte Carlo
  기간 :30년,  연 인출액:78,000,000원
  시작자산 : 1,278,912,422 원
  가정: 연 기대수익률 13.49 %, 연 변동성 13.03 %
----------------------------------------
 파산 확률 (자산이 0 이하로 떨어질 확률) : 0.62 %
----------------------------------------
 기간 종료 시 잔고 10% 분위수 : 7,969,319,923 원
 기간 종료 시 잔고 50% 분위수 : 29,102,990,306 원
 기간 종료 시 잔고 90% 분위수 : 84,851,690,606 원
 평균 잔고(Mean)              : 40,846,107,381 원
========================================

[리스크] 팩터 회귀 실행...
========================================
 팩터 회귀모형 결과
 포트 수익률 ~ MKT + VALUE + GROWTH + MOM
 (표본: 172 개월)
========================================


Call:
lm(formula = port ~ MKT + VALUE + GROWTH + MOM, data = dat)

Residuals:
       Min         1Q     Median         3Q        Max 
-0.0048056 -0.0009957 -0.0001138  0.0009594  0.0044079 

Coefficients:
               Estimate  Std. Error t value            Pr(>|t|)    
(Intercept) -0.00008719  0.00015555  -0.561               0.576    
MKT          0.93931198  0.01744401  53.847 <0.0000000000000002 ***
VALUE        0.40884592  0.00848354  48.193 <0.0000000000000002 ***
GROWTH       0.55828439  0.01777795  31.403 <0.0000000000000002 ***
MOM          0.18223416  0.00801560  22.735 <0.0000000000000002 ***
---
Signif. codes:  0 '***' 0.001 '**' 0.01 '*' 0.05 '.' 0.1 ' ' 1

Residual standard error: 0.001744 on 167 degrees of freedom
Multiple R-squared:  0.9991,	Adjusted R-squared:  0.9991 
F-statistic: 4.589e+04 on 4 and 167 DF,  p-value: < 0.00000000000000022

[리스크] PCA 실행...

========================================
 PCA 기반 리스크 자동 해석
========================================

[1] PC1 요인이 전체 포트폴리오 변동성의 94.7%를 설명합니다.
    → PC1을 구성하는 주요 자산:  TQQQ, QQQ, SPY, SCHD 
    → 해석: 미국 주식(대형주/성장/배당/나스닥) 공통 요인이 리스크의 핵심 원천입니다.

[2] PC2 요인은 전체 변동성의 0.9%를 설명합니다.
    → PC2 구성 주요 자산:  GLD, IEF, SCHD 
    → 해석: 금(GLD)과 국채(IEF)의 방어적 요인입니다.
      시장 급락 시 손실을 완충하는 역할을 하는 요인입니다.

[3] PC3 요인은 전체 변동성의 4.2%를 설명합니다.
    → PC3 구성 주요 자산:  SCHD, SPY, TQQQ 

----------------------------------------
 기술적 출력 (PC별 설명력 / 로딩 매트릭스)
----------------------------------------

Importance of components:
                          PC1    PC2    PC3     PC4     PC5     PC6
Standard deviation     1.8856 1.1464 0.8183 0.64903 0.18367 0.07590
Proportion of Variance 0.5926 0.2190 0.1116 0.07021 0.00562 0.00096
Cumulative Proportion  0.5926 0.8116 0.9232 0.99342 0.99904 1.00000
   PC PortVar_Contribution
1 PC1        0.94704300595
2 PC2        0.00864085008
3 PC3        0.04219911136
4 PC4        0.00025843160
5 PC5        0.00180748188
6 PC6        0.00005111913

[로딩 행렬]
             PC1          PC2         PC3        PC4         PC5           PC6
SPY  -0.52030049  0.075899972  0.04194202  0.1066660 -0.84218635  0.0333463373
SCHD -0.44599664  0.120568648  0.07387346  0.7929667  0.38966635 -0.0213742772
QQQ  -0.50866782  0.008607139 -0.06708657 -0.4139223  0.23093109 -0.7155568141
TQQQ -0.50899445  0.025723904 -0.05354267 -0.4088799  0.28992858  0.6972479651
GLD  -0.08250758 -0.694784207  0.71391641 -0.0179048  0.02167179  0.0007134715
IEF  -0.07581941 -0.704444106 -0.68973872  0.1448833 -0.03201367  0.0159491040
[CHECK] ratios sum =  100 

[리스크] GARCH 기반 변동성 위험 경보(Alert) 실행...
================================================================================ 
■ GARCH(1,1) 기반 변동성 요약
   - 역사적(장기) 일간 변동성(σ_hist): 0.0082 (약 0.82%)
   - 내일 예측 변동성(σ_forecast):     0.0062 (약 0.62%)
   - 예측/역사적 변동성 비율:         0.76배
   - 경보 레벨:                        NORMAL

🟢 상태: NORMAL
   - 예측 변동성이 평소 수준 대비 크게 높지 않습니다.
   - 기존 전략(적립, 리밸런싱, TQQQ 비중) 그대로 유지해도 무방한 상태입니다.
 
================================================================================ 


[리스크] VaR / CVaR 계산 (월간 기준 수익률)
========================================
 사용 자산: SPY, SCHD, QQQ, TQQQ, GLD, IEF 
 신뢰수준(α) : 95 %
 표본 개수   : 172 개월
----------------------------------------
 VaR  (95%)  : 약 6.82% (87,274,066원 손실 가능)
 CVaR(95%)  : 약 8.93% (114,252,857원 평균 손실)
========================================


[리스크] DRIFT 기반 리밸런싱 신호
========================================
 (양수: 목표보다 비중 과다 → 매도 후보)
 (음수: 목표보다 비중 부족 → 매수 후보)
----------------------------------------
   Asset Target_Weight Current_Weight Drift_pctpt
 SPY_ETC            36          38.65        2.65
    SCHD            20          20.28        0.28
     QQQ            15          15.04        0.04
    TQQQ            10           9.40       -0.60
    GOLD            10          10.17        0.17
     IEF             5           4.83       -0.17
    CASH             4           1.64       -2.36
----------------------------------------
※ 모든 자산의 드리프트가 ±5.00%p 이내로, 즉시 리밸런싱 신호는 없습니다.

Saved: reports/Daily_Risk_20260112.pdf 

[RISK-OFF CHECK] 63D Vol=9.56%, DD=0.00%, 지속=0거래일 → GLD_MODE=OFF

# A tibble: 2 × 5
  Date              Sum    Profit Return_TWR Return_NAV
  <date>          <dbl>     <dbl>      <dbl>      <dbl>
1 2026-01-11 1267601321 256480947    0          0      
2 2026-01-12 1278912422 264315791    0.00616    0.00892
장중 10분 그이외는 1시간 후에 다시 실행됨(중단: Interrupt-R 빨간버튼) 2026년 01월 12일 16시 01분 27초

[Prompt Updated] reports/gemini_prompt.txt @ 16:01:27
